V3 3
FL C:/Users/msp72/GitHub/ECEC-302-Projects/Tut3/clockdivider.vhd 2014/09/23.11:48:42 P.20131013
EN work/clockdivider 1411488914 \
      FL C:/Users/msp72/GitHub/ECEC-302-Projects/Tut3/clockdivider.vhd \
      PB ieee/std_logic_1164 1381692176
AR work/clockdivider/Behavioral 1411488915 \
      FL C:/Users/msp72/GitHub/ECEC-302-Projects/Tut3/clockdivider.vhd \
      EN work/clockdivider 1411488914
