V3 4
FL C:/Users/msp72/GitHub/ECEC-302-Projects/cascadingRegister/my_reg.vhd 2014/09/23.15:00:32 P.20131013
EN work/my_reg 1411498837 \
      FL C:/Users/msp72/GitHub/ECEC-302-Projects/cascadingRegister/my_reg.vhd \
      PB ieee/std_logic_1164 1381692176
AR work/my_reg/Behavioral 1411498838 \
      FL C:/Users/msp72/GitHub/ECEC-302-Projects/cascadingRegister/my_reg.vhd \
      EN work/my_reg 1411498837
FL C:/Users/msp72/GitHub/ECEC-302-Projects/Tut4/my_reg.vhd 2014/09/23.14:21:39 P.20131013
