V3 3
FL C:/Users/msp72/GitHub/ECEC-302-Projects/xilinx_projects/hw2_blinking_led/blink.vhd 2014/10/14.11:30:12 P.20131013
EN work/blink 1413300615 \
      FL C:/Users/msp72/GitHub/ECEC-302-Projects/xilinx_projects/hw2_blinking_led/blink.vhd \
      PB ieee/std_logic_1164 1381692176
AR work/blink/Behavioral 1413300616 \
      FL C:/Users/msp72/GitHub/ECEC-302-Projects/xilinx_projects/hw2_blinking_led/blink.vhd \
      EN work/blink 1413300615
