EN blink NULL C:/Users/msp72/GitHub/ECEC-302-Projects/xilinx_projects/hw2_blinking_led/blink.vhd sub00/vhpl00 1413300615
AR knight_rider behavioral C:/Users/msp72/GitHub/ECEC-302-Projects/xilinx_projects/hw2_runningLED/blink.vhd sub00/vhpl03 1413469428
AR blink behavioral C:/Users/msp72/GitHub/ECEC-302-Projects/xilinx_projects/hw2_blinking_led/blink.vhd sub00/vhpl01 1413300616
EN knight_rider NULL C:/Users/msp72/GitHub/ECEC-302-Projects/xilinx_projects/hw2_runningLED/blink.vhd sub00/vhpl02 1413469427
