EN seq_det NULL C:/Users/msp72/GitHub/ECEC-302-Projects/xilinx_projects/sequence_detector/seq_det.vhd sub00/vhpl00 1411660799
AR seq_det beh C:/Users/msp72/GitHub/ECEC-302-Projects/xilinx_projects/sequence_detector/seq_det.vhd sub00/vhpl01 1411660800
EN rbanks1 NULL C:/Users/msp72/GitHub/ECEC-302-Projects/xilinx_projects/RegisterBankStage1/RBankS1.vhd sub00/vhpl02 1412085262
AR rbanks1 beh C:/Users/msp72/GitHub/ECEC-302-Projects/xilinx_projects/RegisterBankStage1/RBankS1.vhd sub00/vhpl03 1412085263
