V3 9
FL C:/Users/msp72/GitHub/ECEC-302-Projects/xilinx_projects/RegisterBankStage1/RBankS1.vhd 2014/09/30.09:54:19 P.20131013
EN work/RBankS1 1412085262 \
      FL C:/Users/msp72/GitHub/ECEC-302-Projects/xilinx_projects/RegisterBankStage1/RBankS1.vhd \
      PB ieee/std_logic_1164 1381692176
AR work/RBankS1/beh 1412085263 \
      FL C:/Users/msp72/GitHub/ECEC-302-Projects/xilinx_projects/RegisterBankStage1/RBankS1.vhd \
      EN work/RBankS1 1412085262
FL C:/Users/msp72/GitHub/ECEC-302-Projects/xilinx_projects/RegisterBankStage2/RBankS1.vhd 2014/09/30.11:05:13 P.20131013
EN work/RBank 1412089520 \
      FL C:/Users/msp72/GitHub/ECEC-302-Projects/xilinx_projects/RegisterBankStage2/RBankS1.vhd \
      PB ieee/std_logic_1164 1381692176
AR work/RBank/beh 1412089521 \
      FL C:/Users/msp72/GitHub/ECEC-302-Projects/xilinx_projects/RegisterBankStage2/RBankS1.vhd \
      EN work/RBank 1412089520
FL C:/Users/msp72/GitHub/ECEC-302-Projects/xilinx_projects/sequence_detector/seq_det.vhd 2014/09/25.11:57:57 P.20131013
EN work/seq_det 1411660799 \
      FL C:/Users/msp72/GitHub/ECEC-302-Projects/xilinx_projects/sequence_detector/seq_det.vhd \
      PB ieee/std_logic_1164 1381692176
AR work/seq_det/beh 1411660800 \
      FL C:/Users/msp72/GitHub/ECEC-302-Projects/xilinx_projects/sequence_detector/seq_det.vhd \
      EN work/seq_det 1411660799
