V3 3
FL C:/Users/msp72/GitHub/ECEC-302-Projects/xilinx_projects/hw3_part3_threshold/blink.vhd 2014/10/23.09:36:11 P.20131013
EN work/t_gate 1414071392 \
      FL C:/Users/msp72/GitHub/ECEC-302-Projects/xilinx_projects/hw3_part3_threshold/blink.vhd \
      PB ieee/std_logic_1164 1381692176
AR work/t_gate/Behavioral 1414071393 \
      FL C:/Users/msp72/GitHub/ECEC-302-Projects/xilinx_projects/hw3_part3_threshold/blink.vhd \
      EN work/t_gate 1414071392
