V3 3
FL C:/Users/msp72/GitHub/ECEC-302-Projects/xilinx_projects/exam1/blink.vhd 2014/10/21.10:33:36 P.20131013
EN work/exam1 1413902021 \
      FL C:/Users/msp72/GitHub/ECEC-302-Projects/xilinx_projects/exam1/blink.vhd \
      PB ieee/std_logic_1164 1381692176
AR work/exam1/Behavioral 1413902022 \
      FL C:/Users/msp72/GitHub/ECEC-302-Projects/xilinx_projects/exam1/blink.vhd \
      EN work/exam1 1413902021
